Archive member included to satisfy reference by file (symbol)

c:/program files (x86)/atmel/studio/7.0/toolchain/avr8/avr8-gnu-toolchain/bin/../lib/gcc/avr/5.4.0/../../../../avr/lib/avr5\libm.a(addsf3.o)
                              LCD.o (__subsf3)
c:/program files (x86)/atmel/studio/7.0/toolchain/avr8/avr8-gnu-toolchain/bin/../lib/gcc/avr/5.4.0/../../../../avr/lib/avr5\libm.a(addsf3x.o)
                              c:/program files (x86)/atmel/studio/7.0/toolchain/avr8/avr8-gnu-toolchain/bin/../lib/gcc/avr/5.4.0/../../../../avr/lib/avr5\libm.a(addsf3.o) (__addsf3x)
c:/program files (x86)/atmel/studio/7.0/toolchain/avr8/avr8-gnu-toolchain/bin/../lib/gcc/avr/5.4.0/../../../../avr/lib/avr5\libm.a(cmpsf2.o)
                              Timer.o (__nesf2)
c:/program files (x86)/atmel/studio/7.0/toolchain/avr8/avr8-gnu-toolchain/bin/../lib/gcc/avr/5.4.0/../../../../avr/lib/avr5\libm.a(divsf3.o)
                              Timer.o (__divsf3)
c:/program files (x86)/atmel/studio/7.0/toolchain/avr8/avr8-gnu-toolchain/bin/../lib/gcc/avr/5.4.0/../../../../avr/lib/avr5\libm.a(divsf3x.o)
                              c:/program files (x86)/atmel/studio/7.0/toolchain/avr8/avr8-gnu-toolchain/bin/../lib/gcc/avr/5.4.0/../../../../avr/lib/avr5\libm.a(divsf3.o) (__divsf3x)
c:/program files (x86)/atmel/studio/7.0/toolchain/avr8/avr8-gnu-toolchain/bin/../lib/gcc/avr/5.4.0/../../../../avr/lib/avr5\libm.a(fixunssfsi.o)
                              LCD.o (__fixunssfsi)
c:/program files (x86)/atmel/studio/7.0/toolchain/avr8/avr8-gnu-toolchain/bin/../lib/gcc/avr/5.4.0/../../../../avr/lib/avr5\libm.a(floatsisf.o)
                              LCD.o (__floatunsisf)
c:/program files (x86)/atmel/studio/7.0/toolchain/avr8/avr8-gnu-toolchain/bin/../lib/gcc/avr/5.4.0/../../../../avr/lib/avr5\libm.a(fp_cmp.o)
                              c:/program files (x86)/atmel/studio/7.0/toolchain/avr8/avr8-gnu-toolchain/bin/../lib/gcc/avr/5.4.0/../../../../avr/lib/avr5\libm.a(cmpsf2.o) (__fp_cmp)
c:/program files (x86)/atmel/studio/7.0/toolchain/avr8/avr8-gnu-toolchain/bin/../lib/gcc/avr/5.4.0/../../../../avr/lib/avr5\libm.a(fp_inf.o)
                              c:/program files (x86)/atmel/studio/7.0/toolchain/avr8/avr8-gnu-toolchain/bin/../lib/gcc/avr/5.4.0/../../../../avr/lib/avr5\libm.a(addsf3x.o) (__fp_inf)
c:/program files (x86)/atmel/studio/7.0/toolchain/avr8/avr8-gnu-toolchain/bin/../lib/gcc/avr/5.4.0/../../../../avr/lib/avr5\libm.a(fp_nan.o)
                              c:/program files (x86)/atmel/studio/7.0/toolchain/avr8/avr8-gnu-toolchain/bin/../lib/gcc/avr/5.4.0/../../../../avr/lib/avr5\libm.a(addsf3x.o) (__fp_nan)
c:/program files (x86)/atmel/studio/7.0/toolchain/avr8/avr8-gnu-toolchain/bin/../lib/gcc/avr/5.4.0/../../../../avr/lib/avr5\libm.a(fp_pscA.o)
                              c:/program files (x86)/atmel/studio/7.0/toolchain/avr8/avr8-gnu-toolchain/bin/../lib/gcc/avr/5.4.0/../../../../avr/lib/avr5\libm.a(addsf3x.o) (__fp_pscA)
c:/program files (x86)/atmel/studio/7.0/toolchain/avr8/avr8-gnu-toolchain/bin/../lib/gcc/avr/5.4.0/../../../../avr/lib/avr5\libm.a(fp_pscB.o)
                              c:/program files (x86)/atmel/studio/7.0/toolchain/avr8/avr8-gnu-toolchain/bin/../lib/gcc/avr/5.4.0/../../../../avr/lib/avr5\libm.a(addsf3x.o) (__fp_pscB)
c:/program files (x86)/atmel/studio/7.0/toolchain/avr8/avr8-gnu-toolchain/bin/../lib/gcc/avr/5.4.0/../../../../avr/lib/avr5\libm.a(fp_round.o)
                              c:/program files (x86)/atmel/studio/7.0/toolchain/avr8/avr8-gnu-toolchain/bin/../lib/gcc/avr/5.4.0/../../../../avr/lib/avr5\libm.a(addsf3.o) (__fp_round)
c:/program files (x86)/atmel/studio/7.0/toolchain/avr8/avr8-gnu-toolchain/bin/../lib/gcc/avr/5.4.0/../../../../avr/lib/avr5\libm.a(fp_split3.o)
                              c:/program files (x86)/atmel/studio/7.0/toolchain/avr8/avr8-gnu-toolchain/bin/../lib/gcc/avr/5.4.0/../../../../avr/lib/avr5\libm.a(addsf3x.o) (__fp_split3)
c:/program files (x86)/atmel/studio/7.0/toolchain/avr8/avr8-gnu-toolchain/bin/../lib/gcc/avr/5.4.0/../../../../avr/lib/avr5\libm.a(fp_zero.o)
                              c:/program files (x86)/atmel/studio/7.0/toolchain/avr8/avr8-gnu-toolchain/bin/../lib/gcc/avr/5.4.0/../../../../avr/lib/avr5\libm.a(addsf3x.o) (__fp_zero)
c:/program files (x86)/atmel/studio/7.0/toolchain/avr8/avr8-gnu-toolchain/bin/../lib/gcc/avr/5.4.0/../../../../avr/lib/avr5\libm.a(gesf2.o)
                              emergency_case.o (__gesf2)
c:/program files (x86)/atmel/studio/7.0/toolchain/avr8/avr8-gnu-toolchain/bin/../lib/gcc/avr/5.4.0/../../../../avr/lib/avr5\libm.a(mulsf3.o)
                              emergency_case.o (__mulsf3)
c:/program files (x86)/atmel/studio/7.0/toolchain/avr8/avr8-gnu-toolchain/bin/../lib/gcc/avr/5.4.0/../../../../avr/lib/avr5\libm.a(mulsf3x.o)
                              c:/program files (x86)/atmel/studio/7.0/toolchain/avr8/avr8-gnu-toolchain/bin/../lib/gcc/avr/5.4.0/../../../../avr/lib/avr5\libm.a(mulsf3.o) (__mulsf3x)
c:/program files (x86)/atmel/studio/7.0/toolchain/avr8/avr8-gnu-toolchain/bin/../lib/gcc/avr/5.4.0/avr5\libgcc.a(_divmodhi4.o)
                              LCD.o (__divmodhi4)
c:/program files (x86)/atmel/studio/7.0/toolchain/avr8/avr8-gnu-toolchain/bin/../lib/gcc/avr/5.4.0/avr5\libgcc.a(_udivmodsi4.o)
                              LCD.o (__udivmodsi4)
c:/program files (x86)/atmel/studio/7.0/toolchain/avr8/avr8-gnu-toolchain/bin/../lib/gcc/avr/5.4.0/avr5\libgcc.a(_exit.o)
                              C:/Program Files (x86)/Atmel/Studio/7.0/Packs/atmel/ATmega_DFP/1.7.374/gcc/dev/atmega32/avr5/crtatmega32.o (exit)
c:/program files (x86)/atmel/studio/7.0/toolchain/avr8/avr8-gnu-toolchain/bin/../lib/gcc/avr/5.4.0/avr5\libgcc.a(_copy_data.o)
                              emergency_case.o (__do_copy_data)
c:/program files (x86)/atmel/studio/7.0/toolchain/avr8/avr8-gnu-toolchain/bin/../lib/gcc/avr/5.4.0/avr5\libgcc.a(_clear_bss.o)
                              ADC.o (__do_clear_bss)
c:/program files (x86)/atmel/studio/7.0/toolchain/avr8/avr8-gnu-toolchain/bin/../lib/gcc/avr/5.4.0/avr5\libgcc.a(_muluhisi3.o)
                              Timer.o (__muluhisi3)
c:/program files (x86)/atmel/studio/7.0/toolchain/avr8/avr8-gnu-toolchain/bin/../lib/gcc/avr/5.4.0/avr5\libgcc.a(_udivmodhi4.o)
                              c:/program files (x86)/atmel/studio/7.0/toolchain/avr8/avr8-gnu-toolchain/bin/../lib/gcc/avr/5.4.0/avr5\libgcc.a(_divmodhi4.o) (__udivmodhi4)
c:/program files (x86)/atmel/studio/7.0/toolchain/avr8/avr8-gnu-toolchain/bin/../lib/gcc/avr/5.4.0/avr5\libgcc.a(_umulhisi3.o)
                              c:/program files (x86)/atmel/studio/7.0/toolchain/avr8/avr8-gnu-toolchain/bin/../lib/gcc/avr/5.4.0/avr5\libgcc.a(_muluhisi3.o) (__umulhisi3)

Discarded input sections

 .data          0x00000000        0x0 C:/Program Files (x86)/Atmel/Studio/7.0/Packs/atmel/ATmega_DFP/1.7.374/gcc/dev/atmega32/avr5/crtatmega32.o
 .bss           0x00000000        0x0 C:/Program Files (x86)/Atmel/Studio/7.0/Packs/atmel/ATmega_DFP/1.7.374/gcc/dev/atmega32/avr5/crtatmega32.o
 .text          0x00000000        0x0 ADC.o
 .data          0x00000000        0x0 ADC.o
 .bss           0x00000000        0x0 ADC.o
 .text.ADC_Disable
                0x00000000        0x8 ADC.o
 .text          0x00000000        0x0 Buzzer.o
 .data          0x00000000        0x0 Buzzer.o
 .bss           0x00000000        0x0 Buzzer.o
 .text          0x00000000        0x0 emergency_case.o
 .data          0x00000000        0x0 emergency_case.o
 .bss           0x00000000        0x0 emergency_case.o
 .text          0x00000000        0x0 DCM.o
 .data          0x00000000        0x0 DCM.o
 .bss           0x00000000        0x0 DCM.o
 .text.DCM_ON   0x00000000       0xbe DCM.o
 .text.DCM_Speed
                0x00000000       0x26 DCM.o
 .text.DCM_OFF  0x00000000       0x1c DCM.o
 .debug_info    0x00000000      0x376 DCM.o
 .debug_abbrev  0x00000000       0xce DCM.o
 .debug_loc     0x00000000      0x165 DCM.o
 .debug_aranges
                0x00000000       0x30 DCM.o
 .debug_ranges  0x00000000       0x20 DCM.o
 .debug_line    0x00000000      0x11e DCM.o
 .debug_str     0x00000000      0x23a DCM.o
 .comment       0x00000000       0x31 DCM.o
 .debug_frame   0x00000000       0x60 DCM.o
 .text          0x00000000        0x0 DC_Motor.o
 .data          0x00000000        0x0 DC_Motor.o
 .bss           0x00000000        0x0 DC_Motor.o
 .text.DC_Motor2_INIT
                0x00000000       0x2e DC_Motor.o
 .text.DC_Motor2_START
                0x00000000       0x52 DC_Motor.o
 .text.DC_Motor2_STOP
                0x00000000       0x16 DC_Motor.o
 .text          0x00000000        0x0 DIO.o
 .data          0x00000000        0x0 DIO.o
 .bss           0x00000000        0x0 DIO.o
 .text          0x00000000        0x0 EEPROM.o
 .data          0x00000000        0x0 EEPROM.o
 .bss           0x00000000        0x0 EEPROM.o
 .text.EEPROM_WriteMultiBytes
                0x00000000       0x4e EEPROM.o
 .text.EEPROM_WriteString
                0x00000000       0x46 EEPROM.o
 .text.EEPROM_ReadMultiByte
                0x00000000       0x60 EEPROM.o
 .text          0x00000000        0x0 EXR_Interrupt.o
 .data          0x00000000        0x0 EXR_Interrupt.o
 .bss           0x00000000        0x0 EXR_Interrupt.o
 .text.INT1_Init
                0x00000000       0x1c EXR_Interrupt.o
 .text.INT2_Init
                0x00000000       0x1c EXR_Interrupt.o
 .text          0x00000000        0x0 Functions.o
 .data          0x00000000        0x0 Functions.o
 .bss           0x00000000        0x0 Functions.o
 .text          0x00000000        0x0 I2C.o
 .data          0x00000000        0x0 I2C.o
 .bss           0x00000000        0x0 I2C.o
 .text.I2C_callback0
                0x00000000        0xa I2C.o
 .text.I2C_callback1
                0x00000000        0xa I2C.o
 .text.I2C_SendMultiData
                0x00000000       0x2c I2C.o
 .text.I2C_SendString
                0x00000000       0x26 I2C.o
 .text.I2C_ReadMultiData
                0x00000000        0xe I2C.o
 .bss.pptr1     0x00000000        0x2 I2C.o
 .bss.pptr0     0x00000000        0x2 I2C.o
 .data.string16
                0x00000000        0xe I2C.o
 .data.string15
                0x00000000        0xa I2C.o
 .data.string14
                0x00000000        0xf I2C.o
 .data.string13
                0x00000000        0xf I2C.o
 .data.string12
                0x00000000        0xf I2C.o
 .data.string11
                0x00000000       0x10 I2C.o
 .data.string6  0x00000000        0xf I2C.o
 .data.string5  0x00000000        0xc I2C.o
 .data.string4  0x00000000       0x11 I2C.o
 .data.string3  0x00000000       0x11 I2C.o
 .data.string2  0x00000000       0x11 I2C.o
 .data.string1  0x00000000        0xd I2C.o
 .text          0x00000000        0x0 Keypad.o
 .data          0x00000000        0x0 Keypad.o
 .bss           0x00000000        0x0 Keypad.o
 .text          0x00000000        0x0 LCD.o
 .data          0x00000000        0x0 LCD.o
 .bss           0x00000000        0x0 LCD.o
 .text.LCD_Write_Decimal
                0x00000000       0xa2 LCD.o
 .text.LCD_Write_Custom_Char
                0x00000000       0x36 LCD.o
 .text          0x00000000        0x0 LED.o
 .data          0x00000000        0x0 LED.o
 .bss           0x00000000        0x0 LED.o
 .text          0x00000000        0x0 main.o
 .data          0x00000000        0x0 main.o
 .bss           0x00000000        0x0 main.o
 .text          0x00000000        0x0 Relay.o
 .data          0x00000000        0x0 Relay.o
 .bss           0x00000000        0x0 Relay.o
 .text.Relay_Init
                0x00000000       0x16 Relay.o
 .text.Relay_ON
                0x00000000        0xc Relay.o
 .text.Relay_OFF
                0x00000000        0xc Relay.o
 .text.Relay_Toggle
                0x00000000        0xa Relay.o
 .debug_info    0x00000000      0x171 Relay.o
 .debug_abbrev  0x00000000       0x71 Relay.o
 .debug_aranges
                0x00000000       0x38 Relay.o
 .debug_ranges  0x00000000       0x28 Relay.o
 .debug_line    0x00000000       0x91 Relay.o
 .debug_str     0x00000000      0x1cb Relay.o
 .comment       0x00000000       0x31 Relay.o
 .debug_frame   0x00000000       0x54 Relay.o
 .text          0x00000000        0x0 servoo.o
 .data          0x00000000        0x0 servoo.o
 .bss           0x00000000        0x0 servoo.o
 .text          0x00000000        0x0 Timer.o
 .data          0x00000000        0x0 Timer.o
 .bss           0x00000000        0x0 Timer.o
 .text.Timer0_SetDelay
                0x00000000        0x2 Timer.o
 .text.Timer0_Stop
                0x00000000        0x8 Timer.o
 .text.Timer1_Init
                0x00000000       0x26 Timer.o
 .text.Timer1_SetDelay
                0x00000000       0xba Timer.o
 .text.PWM1_Gen
                0x00000000       0x3a Timer.o
 .text.Timer1_Start
                0x00000000        0xa Timer.o
 .text.Timer1_Stop
                0x00000000        0x8 Timer.o
 .text.PWM2_Gen
                0x00000000        0x2 Timer.o
 .bss.Timer1B_Init_Value
                0x00000000        0x1 Timer.o
 .bss.Timer1B_Num_OVF
                0x00000000        0x2 Timer.o
 .bss.Timer1A_Init_Value
                0x00000000        0x1 Timer.o
 .bss.Timer1A_Num_OVF
                0x00000000        0x2 Timer.o
 .text          0x00000000        0x0 UART.o
 .data          0x00000000        0x0 UART.o
 .bss           0x00000000        0x0 UART.o
 .bss.First_Check
                0x00000000        0x1 UART.o
 .bss.Temp_Display
                0x00000000        0x1 UART.o
 .text          0x00000000        0x0 c:/program files (x86)/atmel/studio/7.0/toolchain/avr8/avr8-gnu-toolchain/bin/../lib/gcc/avr/5.4.0/../../../../avr/lib/avr5\libm.a(addsf3.o)
 .data          0x00000000        0x0 c:/program files (x86)/atmel/studio/7.0/toolchain/avr8/avr8-gnu-toolchain/bin/../lib/gcc/avr/5.4.0/../../../../avr/lib/avr5\libm.a(addsf3.o)
 .bss           0x00000000        0x0 c:/program files (x86)/atmel/studio/7.0/toolchain/avr8/avr8-gnu-toolchain/bin/../lib/gcc/avr/5.4.0/../../../../avr/lib/avr5\libm.a(addsf3.o)
 .text          0x00000000        0x0 c:/program files (x86)/atmel/studio/7.0/toolchain/avr8/avr8-gnu-toolchain/bin/../lib/gcc/avr/5.4.0/../../../../avr/lib/avr5\libm.a(addsf3x.o)
 .data          0x00000000        0x0 c:/program files (x86)/atmel/studio/7.0/toolchain/avr8/avr8-gnu-toolchain/bin/../lib/gcc/avr/5.4.0/../../../../avr/lib/avr5\libm.a(addsf3x.o)
 .bss           0x00000000        0x0 c:/program files (x86)/atmel/studio/7.0/toolchain/avr8/avr8-gnu-toolchain/bin/../lib/gcc/avr/5.4.0/../../../../avr/lib/avr5\libm.a(addsf3x.o)
 .text          0x00000000        0x0 c:/program files (x86)/atmel/studio/7.0/toolchain/avr8/avr8-gnu-toolchain/bin/../lib/gcc/avr/5.4.0/../../../../avr/lib/avr5\libm.a(cmpsf2.o)
 .data          0x00000000        0x0 c:/program files (x86)/atmel/studio/7.0/toolchain/avr8/avr8-gnu-toolchain/bin/../lib/gcc/avr/5.4.0/../../../../avr/lib/avr5\libm.a(cmpsf2.o)
 .bss           0x00000000        0x0 c:/program files (x86)/atmel/studio/7.0/toolchain/avr8/avr8-gnu-toolchain/bin/../lib/gcc/avr/5.4.0/../../../../avr/lib/avr5\libm.a(cmpsf2.o)
 .text          0x00000000        0x0 c:/program files (x86)/atmel/studio/7.0/toolchain/avr8/avr8-gnu-toolchain/bin/../lib/gcc/avr/5.4.0/../../../../avr/lib/avr5\libm.a(divsf3.o)
 .data          0x00000000        0x0 c:/program files (x86)/atmel/studio/7.0/toolchain/avr8/avr8-gnu-toolchain/bin/../lib/gcc/avr/5.4.0/../../../../avr/lib/avr5\libm.a(divsf3.o)
 .bss           0x00000000        0x0 c:/program files (x86)/atmel/studio/7.0/toolchain/avr8/avr8-gnu-toolchain/bin/../lib/gcc/avr/5.4.0/../../../../avr/lib/avr5\libm.a(divsf3.o)
 .text          0x00000000        0x0 c:/program files (x86)/atmel/studio/7.0/toolchain/avr8/avr8-gnu-toolchain/bin/../lib/gcc/avr/5.4.0/../../../../avr/lib/avr5\libm.a(divsf3x.o)
 .data          0x00000000        0x0 c:/program files (x86)/atmel/studio/7.0/toolchain/avr8/avr8-gnu-toolchain/bin/../lib/gcc/avr/5.4.0/../../../../avr/lib/avr5\libm.a(divsf3x.o)
 .bss           0x00000000        0x0 c:/program files (x86)/atmel/studio/7.0/toolchain/avr8/avr8-gnu-toolchain/bin/../lib/gcc/avr/5.4.0/../../../../avr/lib/avr5\libm.a(divsf3x.o)
 .text          0x00000000        0x0 c:/program files (x86)/atmel/studio/7.0/toolchain/avr8/avr8-gnu-toolchain/bin/../lib/gcc/avr/5.4.0/../../../../avr/lib/avr5\libm.a(fixunssfsi.o)
 .data          0x00000000        0x0 c:/program files (x86)/atmel/studio/7.0/toolchain/avr8/avr8-gnu-toolchain/bin/../lib/gcc/avr/5.4.0/../../../../avr/lib/avr5\libm.a(fixunssfsi.o)
 .bss           0x00000000        0x0 c:/program files (x86)/atmel/studio/7.0/toolchain/avr8/avr8-gnu-toolchain/bin/../lib/gcc/avr/5.4.0/../../../../avr/lib/avr5\libm.a(fixunssfsi.o)
 .text          0x00000000        0x0 c:/program files (x86)/atmel/studio/7.0/toolchain/avr8/avr8-gnu-toolchain/bin/../lib/gcc/avr/5.4.0/../../../../avr/lib/avr5\libm.a(floatsisf.o)
 .data          0x00000000        0x0 c:/program files (x86)/atmel/studio/7.0/toolchain/avr8/avr8-gnu-toolchain/bin/../lib/gcc/avr/5.4.0/../../../../avr/lib/avr5\libm.a(floatsisf.o)
 .bss           0x00000000        0x0 c:/program files (x86)/atmel/studio/7.0/toolchain/avr8/avr8-gnu-toolchain/bin/../lib/gcc/avr/5.4.0/../../../../avr/lib/avr5\libm.a(floatsisf.o)
 .text          0x00000000        0x0 c:/program files (x86)/atmel/studio/7.0/toolchain/avr8/avr8-gnu-toolchain/bin/../lib/gcc/avr/5.4.0/../../../../avr/lib/avr5\libm.a(fp_cmp.o)
 .data          0x00000000        0x0 c:/program files (x86)/atmel/studio/7.0/toolchain/avr8/avr8-gnu-toolchain/bin/../lib/gcc/avr/5.4.0/../../../../avr/lib/avr5\libm.a(fp_cmp.o)
 .bss           0x00000000        0x0 c:/program files (x86)/atmel/studio/7.0/toolchain/avr8/avr8-gnu-toolchain/bin/../lib/gcc/avr/5.4.0/../../../../avr/lib/avr5\libm.a(fp_cmp.o)
 .text          0x00000000        0x0 c:/program files (x86)/atmel/studio/7.0/toolchain/avr8/avr8-gnu-toolchain/bin/../lib/gcc/avr/5.4.0/../../../../avr/lib/avr5\libm.a(fp_inf.o)
 .data          0x00000000        0x0 c:/program files (x86)/atmel/studio/7.0/toolchain/avr8/avr8-gnu-toolchain/bin/../lib/gcc/avr/5.4.0/../../../../avr/lib/avr5\libm.a(fp_inf.o)
 .bss           0x00000000        0x0 c:/program files (x86)/atmel/studio/7.0/toolchain/avr8/avr8-gnu-toolchain/bin/../lib/gcc/avr/5.4.0/../../../../avr/lib/avr5\libm.a(fp_inf.o)
 .text          0x00000000        0x0 c:/program files (x86)/atmel/studio/7.0/toolchain/avr8/avr8-gnu-toolchain/bin/../lib/gcc/avr/5.4.0/../../../../avr/lib/avr5\libm.a(fp_nan.o)
 .data          0x00000000        0x0 c:/program files (x86)/atmel/studio/7.0/toolchain/avr8/avr8-gnu-toolchain/bin/../lib/gcc/avr/5.4.0/../../../../avr/lib/avr5\libm.a(fp_nan.o)
 .bss           0x00000000        0x0 c:/program files (x86)/atmel/studio/7.0/toolchain/avr8/avr8-gnu-toolchain/bin/../lib/gcc/avr/5.4.0/../../../../avr/lib/avr5\libm.a(fp_nan.o)
 .text          0x00000000        0x0 c:/program files (x86)/atmel/studio/7.0/toolchain/avr8/avr8-gnu-toolchain/bin/../lib/gcc/avr/5.4.0/../../../../avr/lib/avr5\libm.a(fp_pscA.o)
 .data          0x00000000        0x0 c:/program files (x86)/atmel/studio/7.0/toolchain/avr8/avr8-gnu-toolchain/bin/../lib/gcc/avr/5.4.0/../../../../avr/lib/avr5\libm.a(fp_pscA.o)
 .bss           0x00000000        0x0 c:/program files (x86)/atmel/studio/7.0/toolchain/avr8/avr8-gnu-toolchain/bin/../lib/gcc/avr/5.4.0/../../../../avr/lib/avr5\libm.a(fp_pscA.o)
 .text          0x00000000        0x0 c:/program files (x86)/atmel/studio/7.0/toolchain/avr8/avr8-gnu-toolchain/bin/../lib/gcc/avr/5.4.0/../../../../avr/lib/avr5\libm.a(fp_pscB.o)
 .data          0x00000000        0x0 c:/program files (x86)/atmel/studio/7.0/toolchain/avr8/avr8-gnu-toolchain/bin/../lib/gcc/avr/5.4.0/../../../../avr/lib/avr5\libm.a(fp_pscB.o)
 .bss           0x00000000        0x0 c:/program files (x86)/atmel/studio/7.0/toolchain/avr8/avr8-gnu-toolchain/bin/../lib/gcc/avr/5.4.0/../../../../avr/lib/avr5\libm.a(fp_pscB.o)
 .text          0x00000000        0x0 c:/program files (x86)/atmel/studio/7.0/toolchain/avr8/avr8-gnu-toolchain/bin/../lib/gcc/avr/5.4.0/../../../../avr/lib/avr5\libm.a(fp_round.o)
 .data          0x00000000        0x0 c:/program files (x86)/atmel/studio/7.0/toolchain/avr8/avr8-gnu-toolchain/bin/../lib/gcc/avr/5.4.0/../../../../avr/lib/avr5\libm.a(fp_round.o)
 .bss           0x00000000        0x0 c:/program files (x86)/atmel/studio/7.0/toolchain/avr8/avr8-gnu-toolchain/bin/../lib/gcc/avr/5.4.0/../../../../avr/lib/avr5\libm.a(fp_round.o)
 .text          0x00000000        0x0 c:/program files (x86)/atmel/studio/7.0/toolchain/avr8/avr8-gnu-toolchain/bin/../lib/gcc/avr/5.4.0/../../../../avr/lib/avr5\libm.a(fp_split3.o)
 .data          0x00000000        0x0 c:/program files (x86)/atmel/studio/7.0/toolchain/avr8/avr8-gnu-toolchain/bin/../lib/gcc/avr/5.4.0/../../../../avr/lib/avr5\libm.a(fp_split3.o)
 .bss           0x00000000        0x0 c:/program files (x86)/atmel/studio/7.0/toolchain/avr8/avr8-gnu-toolchain/bin/../lib/gcc/avr/5.4.0/../../../../avr/lib/avr5\libm.a(fp_split3.o)
 .text          0x00000000        0x0 c:/program files (x86)/atmel/studio/7.0/toolchain/avr8/avr8-gnu-toolchain/bin/../lib/gcc/avr/5.4.0/../../../../avr/lib/avr5\libm.a(fp_zero.o)
 .data          0x00000000        0x0 c:/program files (x86)/atmel/studio/7.0/toolchain/avr8/avr8-gnu-toolchain/bin/../lib/gcc/avr/5.4.0/../../../../avr/lib/avr5\libm.a(fp_zero.o)
 .bss           0x00000000        0x0 c:/program files (x86)/atmel/studio/7.0/toolchain/avr8/avr8-gnu-toolchain/bin/../lib/gcc/avr/5.4.0/../../../../avr/lib/avr5\libm.a(fp_zero.o)
 .text          0x00000000        0x0 c:/program files (x86)/atmel/studio/7.0/toolchain/avr8/avr8-gnu-toolchain/bin/../lib/gcc/avr/5.4.0/../../../../avr/lib/avr5\libm.a(gesf2.o)
 .data          0x00000000        0x0 c:/program files (x86)/atmel/studio/7.0/toolchain/avr8/avr8-gnu-toolchain/bin/../lib/gcc/avr/5.4.0/../../../../avr/lib/avr5\libm.a(gesf2.o)
 .bss           0x00000000        0x0 c:/program files (x86)/atmel/studio/7.0/toolchain/avr8/avr8-gnu-toolchain/bin/../lib/gcc/avr/5.4.0/../../../../avr/lib/avr5\libm.a(gesf2.o)
 .text          0x00000000        0x0 c:/program files (x86)/atmel/studio/7.0/toolchain/avr8/avr8-gnu-toolchain/bin/../lib/gcc/avr/5.4.0/../../../../avr/lib/avr5\libm.a(mulsf3.o)
 .data          0x00000000        0x0 c:/program files (x86)/atmel/studio/7.0/toolchain/avr8/avr8-gnu-toolchain/bin/../lib/gcc/avr/5.4.0/../../../../avr/lib/avr5\libm.a(mulsf3.o)
 .bss           0x00000000        0x0 c:/program files (x86)/atmel/studio/7.0/toolchain/avr8/avr8-gnu-toolchain/bin/../lib/gcc/avr/5.4.0/../../../../avr/lib/avr5\libm.a(mulsf3.o)
 .text          0x00000000        0x0 c:/program files (x86)/atmel/studio/7.0/toolchain/avr8/avr8-gnu-toolchain/bin/../lib/gcc/avr/5.4.0/../../../../avr/lib/avr5\libm.a(mulsf3x.o)
 .data          0x00000000        0x0 c:/program files (x86)/atmel/studio/7.0/toolchain/avr8/avr8-gnu-toolchain/bin/../lib/gcc/avr/5.4.0/../../../../avr/lib/avr5\libm.a(mulsf3x.o)
 .bss           0x00000000        0x0 c:/program files (x86)/atmel/studio/7.0/toolchain/avr8/avr8-gnu-toolchain/bin/../lib/gcc/avr/5.4.0/../../../../avr/lib/avr5\libm.a(mulsf3x.o)
 .text          0x00000000        0x0 c:/program files (x86)/atmel/studio/7.0/toolchain/avr8/avr8-gnu-toolchain/bin/../lib/gcc/avr/5.4.0/avr5\libgcc.a(_divmodhi4.o)
 .data          0x00000000        0x0 c:/program files (x86)/atmel/studio/7.0/toolchain/avr8/avr8-gnu-toolchain/bin/../lib/gcc/avr/5.4.0/avr5\libgcc.a(_divmodhi4.o)
 .bss           0x00000000        0x0 c:/program files (x86)/atmel/studio/7.0/toolchain/avr8/avr8-gnu-toolchain/bin/../lib/gcc/avr/5.4.0/avr5\libgcc.a(_divmodhi4.o)
 .text.libgcc.mul
                0x00000000        0x0 c:/program files (x86)/atmel/studio/7.0/toolchain/avr8/avr8-gnu-toolchain/bin/../lib/gcc/avr/5.4.0/avr5\libgcc.a(_divmodhi4.o)
 .text.libgcc   0x00000000        0x0 c:/program files (x86)/atmel/studio/7.0/toolchain/avr8/avr8-gnu-toolchain/bin/../lib/gcc/avr/5.4.0/avr5\libgcc.a(_divmodhi4.o)
 .text.libgcc.prologue
                0x00000000        0x0 c:/program files (x86)/atmel/studio/7.0/toolchain/avr8/avr8-gnu-toolchain/bin/../lib/gcc/avr/5.4.0/avr5\libgcc.a(_divmodhi4.o)
 .text.libgcc.builtins
                0x00000000        0x0 c:/program files (x86)/atmel/studio/7.0/toolchain/avr8/avr8-gnu-toolchain/bin/../lib/gcc/avr/5.4.0/avr5\libgcc.a(_divmodhi4.o)
 .text.libgcc.fmul
                0x00000000        0x0 c:/program files (x86)/atmel/studio/7.0/toolchain/avr8/avr8-gnu-toolchain/bin/../lib/gcc/avr/5.4.0/avr5\libgcc.a(_divmodhi4.o)
 .text.libgcc.fixed
                0x00000000        0x0 c:/program files (x86)/atmel/studio/7.0/toolchain/avr8/avr8-gnu-toolchain/bin/../lib/gcc/avr/5.4.0/avr5\libgcc.a(_divmodhi4.o)
 .text          0x00000000        0x0 c:/program files (x86)/atmel/studio/7.0/toolchain/avr8/avr8-gnu-toolchain/bin/../lib/gcc/avr/5.4.0/avr5\libgcc.a(_udivmodsi4.o)
 .data          0x00000000        0x0 c:/program files (x86)/atmel/studio/7.0/toolchain/avr8/avr8-gnu-toolchain/bin/../lib/gcc/avr/5.4.0/avr5\libgcc.a(_udivmodsi4.o)
 .bss           0x00000000        0x0 c:/program files (x86)/atmel/studio/7.0/toolchain/avr8/avr8-gnu-toolchain/bin/../lib/gcc/avr/5.4.0/avr5\libgcc.a(_udivmodsi4.o)
 .text.libgcc.mul
                0x00000000        0x0 c:/program files (x86)/atmel/studio/7.0/toolchain/avr8/avr8-gnu-toolchain/bin/../lib/gcc/avr/5.4.0/avr5\libgcc.a(_udivmodsi4.o)
 .text.libgcc   0x00000000        0x0 c:/program files (x86)/atmel/studio/7.0/toolchain/avr8/avr8-gnu-toolchain/bin/../lib/gcc/avr/5.4.0/avr5\libgcc.a(_udivmodsi4.o)
 .text.libgcc.prologue
                0x00000000        0x0 c:/program files (x86)/atmel/studio/7.0/toolchain/avr8/avr8-gnu-toolchain/bin/../lib/gcc/avr/5.4.0/avr5\libgcc.a(_udivmodsi4.o)
 .text.libgcc.builtins
                0x00000000        0x0 c:/program files (x86)/atmel/studio/7.0/toolchain/avr8/avr8-gnu-toolchain/bin/../lib/gcc/avr/5.4.0/avr5\libgcc.a(_udivmodsi4.o)
 .text.libgcc.fmul
                0x00000000        0x0 c:/program files (x86)/atmel/studio/7.0/toolchain/avr8/avr8-gnu-toolchain/bin/../lib/gcc/avr/5.4.0/avr5\libgcc.a(_udivmodsi4.o)
 .text.libgcc.fixed
                0x00000000        0x0 c:/program files (x86)/atmel/studio/7.0/toolchain/avr8/avr8-gnu-toolchain/bin/../lib/gcc/avr/5.4.0/avr5\libgcc.a(_udivmodsi4.o)
 .text          0x00000000        0x0 c:/program files (x86)/atmel/studio/7.0/toolchain/avr8/avr8-gnu-toolchain/bin/../lib/gcc/avr/5.4.0/avr5\libgcc.a(_exit.o)
 .data          0x00000000        0x0 c:/program files (x86)/atmel/studio/7.0/toolchain/avr8/avr8-gnu-toolchain/bin/../lib/gcc/avr/5.4.0/avr5\libgcc.a(_exit.o)
 .bss           0x00000000        0x0 c:/program files (x86)/atmel/studio/7.0/toolchain/avr8/avr8-gnu-toolchain/bin/../lib/gcc/avr/5.4.0/avr5\libgcc.a(_exit.o)
 .text.libgcc.mul
                0x00000000        0x0 c:/program files (x86)/atmel/studio/7.0/toolchain/avr8/avr8-gnu-toolchain/bin/../lib/gcc/avr/5.4.0/avr5\libgcc.a(_exit.o)
 .text.libgcc.div
                0x00000000        0x0 c:/program files (x86)/atmel/studio/7.0/toolchain/avr8/avr8-gnu-toolchain/bin/../lib/gcc/avr/5.4.0/avr5\libgcc.a(_exit.o)
 .text.libgcc   0x00000000        0x0 c:/program files (x86)/atmel/studio/7.0/toolchain/avr8/avr8-gnu-toolchain/bin/../lib/gcc/avr/5.4.0/avr5\libgcc.a(_exit.o)
 .text.libgcc.prologue
                0x00000000        0x0 c:/program files (x86)/atmel/studio/7.0/toolchain/avr8/avr8-gnu-toolchain/bin/../lib/gcc/avr/5.4.0/avr5\libgcc.a(_exit.o)
 .text.libgcc.builtins
                0x00000000        0x0 c:/program files (x86)/atmel/studio/7.0/toolchain/avr8/avr8-gnu-toolchain/bin/../lib/gcc/avr/5.4.0/avr5\libgcc.a(_exit.o)
 .text.libgcc.fmul
                0x00000000        0x0 c:/program files (x86)/atmel/studio/7.0/toolchain/avr8/avr8-gnu-toolchain/bin/../lib/gcc/avr/5.4.0/avr5\libgcc.a(_exit.o)
 .text.libgcc.fixed
                0x00000000        0x0 c:/program files (x86)/atmel/studio/7.0/toolchain/avr8/avr8-gnu-toolchain/bin/../lib/gcc/avr/5.4.0/avr5\libgcc.a(_exit.o)
 .text          0x00000000        0x0 c:/program files (x86)/atmel/studio/7.0/toolchain/avr8/avr8-gnu-toolchain/bin/../lib/gcc/avr/5.4.0/avr5\libgcc.a(_copy_data.o)
 .data          0x00000000        0x0 c:/program files (x86)/atmel/studio/7.0/toolchain/avr8/avr8-gnu-toolchain/bin/../lib/gcc/avr/5.4.0/avr5\libgcc.a(_copy_data.o)
 .bss           0x00000000        0x0 c:/program files (x86)/atmel/studio/7.0/toolchain/avr8/avr8-gnu-toolchain/bin/../lib/gcc/avr/5.4.0/avr5\libgcc.a(_copy_data.o)
 .text.libgcc.mul
                0x00000000        0x0 c:/program files (x86)/atmel/studio/7.0/toolchain/avr8/avr8-gnu-toolchain/bin/../lib/gcc/avr/5.4.0/avr5\libgcc.a(_copy_data.o)
 .text.libgcc.div
                0x00000000        0x0 c:/program files (x86)/atmel/studio/7.0/toolchain/avr8/avr8-gnu-toolchain/bin/../lib/gcc/avr/5.4.0/avr5\libgcc.a(_copy_data.o)
 .text.libgcc   0x00000000        0x0 c:/program files (x86)/atmel/studio/7.0/toolchain/avr8/avr8-gnu-toolchain/bin/../lib/gcc/avr/5.4.0/avr5\libgcc.a(_copy_data.o)
 .text.libgcc.prologue
                0x00000000        0x0 c:/program files (x86)/atmel/studio/7.0/toolchain/avr8/avr8-gnu-toolchain/bin/../lib/gcc/avr/5.4.0/avr5\libgcc.a(_copy_data.o)
 .text.libgcc.builtins
                0x00000000        0x0 c:/program files (x86)/atmel/studio/7.0/toolchain/avr8/avr8-gnu-toolchain/bin/../lib/gcc/avr/5.4.0/avr5\libgcc.a(_copy_data.o)
 .text.libgcc.fmul
                0x00000000        0x0 c:/program files (x86)/atmel/studio/7.0/toolchain/avr8/avr8-gnu-toolchain/bin/../lib/gcc/avr/5.4.0/avr5\libgcc.a(_copy_data.o)
 .text.libgcc.fixed
                0x00000000        0x0 c:/program files (x86)/atmel/studio/7.0/toolchain/avr8/avr8-gnu-toolchain/bin/../lib/gcc/avr/5.4.0/avr5\libgcc.a(_copy_data.o)
 .text          0x00000000        0x0 c:/program files (x86)/atmel/studio/7.0/toolchain/avr8/avr8-gnu-toolchain/bin/../lib/gcc/avr/5.4.0/avr5\libgcc.a(_clear_bss.o)
 .data          0x00000000        0x0 c:/program files (x86)/atmel/studio/7.0/toolchain/avr8/avr8-gnu-toolchain/bin/../lib/gcc/avr/5.4.0/avr5\libgcc.a(_clear_bss.o)
 .bss           0x00000000        0x0 c:/program files (x86)/atmel/studio/7.0/toolchain/avr8/avr8-gnu-toolchain/bin/../lib/gcc/avr/5.4.0/avr5\libgcc.a(_clear_bss.o)
 .text.libgcc.mul
                0x00000000        0x0 c:/program files (x86)/atmel/studio/7.0/toolchain/avr8/avr8-gnu-toolchain/bin/../lib/gcc/avr/5.4.0/avr5\libgcc.a(_clear_bss.o)
 .text.libgcc.div
                0x00000000        0x0 c:/program files (x86)/atmel/studio/7.0/toolchain/avr8/avr8-gnu-toolchain/bin/../lib/gcc/avr/5.4.0/avr5\libgcc.a(_clear_bss.o)
 .text.libgcc   0x00000000        0x0 c:/program files (x86)/atmel/studio/7.0/toolchain/avr8/avr8-gnu-toolchain/bin/../lib/gcc/avr/5.4.0/avr5\libgcc.a(_clear_bss.o)
 .text.libgcc.prologue
                0x00000000        0x0 c:/program files (x86)/atmel/studio/7.0/toolchain/avr8/avr8-gnu-toolchain/bin/../lib/gcc/avr/5.4.0/avr5\libgcc.a(_clear_bss.o)
 .text.libgcc.builtins
                0x00000000        0x0 c:/program files (x86)/atmel/studio/7.0/toolchain/avr8/avr8-gnu-toolchain/bin/../lib/gcc/avr/5.4.0/avr5\libgcc.a(_clear_bss.o)
 .text.libgcc.fmul
                0x00000000        0x0 c:/program files (x86)/atmel/studio/7.0/toolchain/avr8/avr8-gnu-toolchain/bin/../lib/gcc/avr/5.4.0/avr5\libgcc.a(_clear_bss.o)
 .text.libgcc.fixed
                0x00000000        0x0 c:/program files (x86)/atmel/studio/7.0/toolchain/avr8/avr8-gnu-toolchain/bin/../lib/gcc/avr/5.4.0/avr5\libgcc.a(_clear_bss.o)
 .text          0x00000000        0x0 c:/program files (x86)/atmel/studio/7.0/toolchain/avr8/avr8-gnu-toolchain/bin/../lib/gcc/avr/5.4.0/avr5\libgcc.a(_muluhisi3.o)
 .data          0x00000000        0x0 c:/program files (x86)/atmel/studio/7.0/toolchain/avr8/avr8-gnu-toolchain/bin/../lib/gcc/avr/5.4.0/avr5\libgcc.a(_muluhisi3.o)
 .bss           0x00000000        0x0 c:/program files (x86)/atmel/studio/7.0/toolchain/avr8/avr8-gnu-toolchain/bin/../lib/gcc/avr/5.4.0/avr5\libgcc.a(_muluhisi3.o)
 .text.libgcc.div
                0x00000000        0x0 c:/program files (x86)/atmel/studio/7.0/toolchain/avr8/avr8-gnu-toolchain/bin/../lib/gcc/avr/5.4.0/avr5\libgcc.a(_muluhisi3.o)
 .text.libgcc   0x00000000        0x0 c:/program files (x86)/atmel/studio/7.0/toolchain/avr8/avr8-gnu-toolchain/bin/../lib/gcc/avr/5.4.0/avr5\libgcc.a(_muluhisi3.o)
 .text.libgcc.prologue
                0x00000000        0x0 c:/program files (x86)/atmel/studio/7.0/toolchain/avr8/avr8-gnu-toolchain/bin/../lib/gcc/avr/5.4.0/avr5\libgcc.a(_muluhisi3.o)
 .text.libgcc.builtins
                0x00000000        0x0 c:/program files (x86)/atmel/studio/7.0/toolchain/avr8/avr8-gnu-toolchain/bin/../lib/gcc/avr/5.4.0/avr5\libgcc.a(_muluhisi3.o)
 .text.libgcc.fmul
                0x00000000        0x0 c:/program files (x86)/atmel/studio/7.0/toolchain/avr8/avr8-gnu-toolchain/bin/../lib/gcc/avr/5.4.0/avr5\libgcc.a(_muluhisi3.o)
 .text.libgcc.fixed
                0x00000000        0x0 c:/program files (x86)/atmel/studio/7.0/toolchain/avr8/avr8-gnu-toolchain/bin/../lib/gcc/avr/5.4.0/avr5\libgcc.a(_muluhisi3.o)
 .text          0x00000000        0x0 c:/program files (x86)/atmel/studio/7.0/toolchain/avr8/avr8-gnu-toolchain/bin/../lib/gcc/avr/5.4.0/avr5\libgcc.a(_udivmodhi4.o)
 .data          0x00000000        0x0 c:/program files (x86)/atmel/studio/7.0/toolchain/avr8/avr8-gnu-toolchain/bin/../lib/gcc/avr/5.4.0/avr5\libgcc.a(_udivmodhi4.o)
 .bss           0x00000000        0x0 c:/program files (x86)/atmel/studio/7.0/toolchain/avr8/avr8-gnu-toolchain/bin/../lib/gcc/avr/5.4.0/avr5\libgcc.a(_udivmodhi4.o)
 .text.libgcc.mul
                0x00000000        0x0 c:/program files (x86)/atmel/studio/7.0/toolchain/avr8/avr8-gnu-toolchain/bin/../lib/gcc/avr/5.4.0/avr5\libgcc.a(_udivmodhi4.o)
 .text.libgcc   0x00000000        0x0 c:/program files (x86)/atmel/studio/7.0/toolchain/avr8/avr8-gnu-toolchain/bin/../lib/gcc/avr/5.4.0/avr5\libgcc.a(_udivmodhi4.o)
 .text.libgcc.prologue
                0x00000000        0x0 c:/program files (x86)/atmel/studio/7.0/toolchain/avr8/avr8-gnu-toolchain/bin/../lib/gcc/avr/5.4.0/avr5\libgcc.a(_udivmodhi4.o)
 .text.libgcc.builtins
                0x00000000        0x0 c:/program files (x86)/atmel/studio/7.0/toolchain/avr8/avr8-gnu-toolchain/bin/../lib/gcc/avr/5.4.0/avr5\libgcc.a(_udivmodhi4.o)
 .text.libgcc.fmul
                0x00000000        0x0 c:/program files (x86)/atmel/studio/7.0/toolchain/avr8/avr8-gnu-toolchain/bin/../lib/gcc/avr/5.4.0/avr5\libgcc.a(_udivmodhi4.o)
 .text.libgcc.fixed
                0x00000000        0x0 c:/program files (x86)/atmel/studio/7.0/toolchain/avr8/avr8-gnu-toolchain/bin/../lib/gcc/avr/5.4.0/avr5\libgcc.a(_udivmodhi4.o)
 .text          0x00000000        0x0 c:/program files (x86)/atmel/studio/7.0/toolchain/avr8/avr8-gnu-toolchain/bin/../lib/gcc/avr/5.4.0/avr5\libgcc.a(_umulhisi3.o)
 .data          0x00000000        0x0 c:/program files (x86)/atmel/studio/7.0/toolchain/avr8/avr8-gnu-toolchain/bin/../lib/gcc/avr/5.4.0/avr5\libgcc.a(_umulhisi3.o)
 .bss           0x00000000        0x0 c:/program files (x86)/atmel/studio/7.0/toolchain/avr8/avr8-gnu-toolchain/bin/../lib/gcc/avr/5.4.0/avr5\libgcc.a(_umulhisi3.o)
 .text.libgcc.div
                0x00000000        0x0 c:/program files (x86)/atmel/studio/7.0/toolchain/avr8/avr8-gnu-toolchain/bin/../lib/gcc/avr/5.4.0/avr5\libgcc.a(_umulhisi3.o)
 .text.libgcc   0x00000000        0x0 c:/program files (x86)/atmel/studio/7.0/toolchain/avr8/avr8-gnu-toolchain/bin/../lib/gcc/avr/5.4.0/avr5\libgcc.a(_umulhisi3.o)
 .text.libgcc.prologue
                0x00000000        0x0 c:/program files (x86)/atmel/studio/7.0/toolchain/avr8/avr8-gnu-toolchain/bin/../lib/gcc/avr/5.4.0/avr5\libgcc.a(_umulhisi3.o)
 .text.libgcc.builtins
                0x00000000        0x0 c:/program files (x86)/atmel/studio/7.0/toolchain/avr8/avr8-gnu-toolchain/bin/../lib/gcc/avr/5.4.0/avr5\libgcc.a(_umulhisi3.o)
 .text.libgcc.fmul
                0x00000000        0x0 c:/program files (x86)/atmel/studio/7.0/toolchain/avr8/avr8-gnu-toolchain/bin/../lib/gcc/avr/5.4.0/avr5\libgcc.a(_umulhisi3.o)
 .text.libgcc.fixed
                0x00000000        0x0 c:/program files (x86)/atmel/studio/7.0/toolchain/avr8/avr8-gnu-toolchain/bin/../lib/gcc/avr/5.4.0/avr5\libgcc.a(_umulhisi3.o)

Memory Configuration

Name             Origin             Length             Attributes
text             0x00000000         0x00008000         xr
data             0x00800060         0x00000800         rw !x
eeprom           0x00810000         0x00000400         rw !x
fuse             0x00820000         0x00000002         rw !x
lock             0x00830000         0x00000400         rw !x
signature        0x00840000         0x00000400         rw !x
user_signatures  0x00850000         0x00000400         rw !x
*default*        0x00000000         0xffffffff

Linker script and memory map

LOAD C:/Program Files (x86)/Atmel/Studio/7.0/Packs/atmel/ATmega_DFP/1.7.374/gcc/dev/atmega32/avr5/crtatmega32.o
LOAD ADC.o
LOAD Buzzer.o
LOAD emergency_case.o
LOAD DCM.o
LOAD DC_Motor.o
LOAD DIO.o
LOAD EEPROM.o
LOAD EXR_Interrupt.o
LOAD Functions.o
LOAD I2C.o
LOAD Keypad.o
LOAD LCD.o
LOAD LED.o
LOAD main.o
LOAD Relay.o
LOAD servoo.o
LOAD Timer.o
LOAD UART.o
START GROUP
LOAD c:/program files (x86)/atmel/studio/7.0/toolchain/avr8/avr8-gnu-toolchain/bin/../lib/gcc/avr/5.4.0/../../../../avr/lib/avr5\libm.a
END GROUP
START GROUP
LOAD c:/program files (x86)/atmel/studio/7.0/toolchain/avr8/avr8-gnu-toolchain/bin/../lib/gcc/avr/5.4.0/avr5\libgcc.a
LOAD c:/program files (x86)/atmel/studio/7.0/toolchain/avr8/avr8-gnu-toolchain/bin/../lib/gcc/avr/5.4.0/../../../../avr/lib/avr5\libm.a
LOAD c:/program files (x86)/atmel/studio/7.0/toolchain/avr8/avr8-gnu-toolchain/bin/../lib/gcc/avr/5.4.0/../../../../avr/lib/avr5\libc.a
LOAD C:/Program Files (x86)/Atmel/Studio/7.0/Packs/atmel/ATmega_DFP/1.7.374/gcc/dev/atmega32/avr5\libatmega32.a
END GROUP
                0x00000000                __TEXT_REGION_ORIGIN__ = DEFINED (__TEXT_REGION_ORIGIN__)?__TEXT_REGION_ORIGIN__:0x0
                [0x00800060]                __DATA_REGION_ORIGIN__ = DEFINED (__DATA_REGION_ORIGIN__)?__DATA_REGION_ORIGIN__:0x800060
                [0x00008000]                __TEXT_REGION_LENGTH__ = DEFINED (__TEXT_REGION_LENGTH__)?__TEXT_REGION_LENGTH__:0x20000
                [0x00000800]                __DATA_REGION_LENGTH__ = DEFINED (__DATA_REGION_LENGTH__)?__DATA_REGION_LENGTH__:0xffa0
                [0x00000400]                __EEPROM_REGION_LENGTH__ = DEFINED (__EEPROM_REGION_LENGTH__)?__EEPROM_REGION_LENGTH__:0x10000
                [0x00000002]                __FUSE_REGION_LENGTH__ = DEFINED (__FUSE_REGION_LENGTH__)?__FUSE_REGION_LENGTH__:0x400
                0x00000400                __LOCK_REGION_LENGTH__ = DEFINED (__LOCK_REGION_LENGTH__)?__LOCK_REGION_LENGTH__:0x400
                0x00000400                __SIGNATURE_REGION_LENGTH__ = DEFINED (__SIGNATURE_REGION_LENGTH__)?__SIGNATURE_REGION_LENGTH__:0x400
                0x00000400                __USER_SIGNATURE_REGION_LENGTH__ = DEFINED (__USER_SIGNATURE_REGION_LENGTH__)?__USER_SIGNATURE_REGION_LENGTH__:0x400

.hash
 *(.hash)

.dynsym
 *(.dynsym)

.dynstr
 *(.dynstr)

.gnu.version
 *(.gnu.version)

.gnu.version_d
 *(.gnu.version_d)

.gnu.version_r
 *(.gnu.version_r)

.rel.init
 *(.rel.init)

.rela.init
 *(.rela.init)

.rel.text
 *(.rel.text)
 *(.rel.text.*)
 *(.rel.gnu.linkonce.t*)

.rela.text
 *(.rela.text)
 *(.rela.text.*)
 *(.rela.gnu.linkonce.t*)

.rel.fini
 *(.rel.fini)

.rela.fini
 *(.rela.fini)

.rel.rodata
 *(.rel.rodata)
 *(.rel.rodata.*)
 *(.rel.gnu.linkonce.r*)

.rela.rodata
 *(.rela.rodata)
 *(.rela.rodata.*)
 *(.rela.gnu.linkonce.r*)

.rel.data
 *(.rel.data)
 *(.rel.data.*)
 *(.rel.gnu.linkonce.d*)

.rela.data
 *(.rela.data)
 *(.rela.data.*)
 *(.rela.gnu.linkonce.d*)

.rel.ctors
 *(.rel.ctors)

.rela.ctors
 *(.rela.ctors)

.rel.dtors
 *(.rel.dtors)

.rela.dtors
 *(.rela.dtors)

.rel.got
 *(.rel.got)

.rela.got
 *(.rela.got)

.rel.bss
 *(.rel.bss)

.rela.bss
 *(.rela.bss)

.rel.plt
 *(.rel.plt)

.rela.plt
 *(.rela.plt)

.text           0x00000000     0x3c7c
 *(.vectors)
 .vectors       0x00000000       0x54 C:/Program Files (x86)/Atmel/Studio/7.0/Packs/atmel/ATmega_DFP/1.7.374/gcc/dev/atmega32/avr5/crtatmega32.o
                0x00000000                __vector_default
                0x00000000                __vectors
 *(.vectors)
 *(.progmem.gcc*)
                0x00000054                . = ALIGN (0x2)
                0x00000054                __trampolines_start = .
 *(.trampolines)
 .trampolines   0x00000054        0x0 linker stubs
 *(.trampolines*)
                0x00000054                __trampolines_end = .
 *libprintf_flt.a:*(.progmem.data)
 *libc.a:*(.progmem.data)
 *(.progmem*)
                0x00000054                . = ALIGN (0x2)
 *(.jumptables)
 *(.jumptables*)
 *(.lowtext)
 *(.lowtext*)
                0x00000054                __ctors_start = .
 *(.ctors)
                0x00000054                __ctors_end = .
                0x00000054                __dtors_start = .
 *(.dtors)
                0x00000054                __dtors_end = .
 SORT(*)(.ctors)
 SORT(*)(.dtors)
 *(.init0)
 .init0         0x00000054        0x0 C:/Program Files (x86)/Atmel/Studio/7.0/Packs/atmel/ATmega_DFP/1.7.374/gcc/dev/atmega32/avr5/crtatmega32.o
                0x00000054                __init
 *(.init0)
 *(.init1)
 *(.init1)
 *(.init2)
 .init2         0x00000054        0xc C:/Program Files (x86)/Atmel/Studio/7.0/Packs/atmel/ATmega_DFP/1.7.374/gcc/dev/atmega32/avr5/crtatmega32.o
 *(.init2)
 *(.init3)
 *(.init3)
 *(.init4)
 .init4         0x00000060       0x16 c:/program files (x86)/atmel/studio/7.0/toolchain/avr8/avr8-gnu-toolchain/bin/../lib/gcc/avr/5.4.0/avr5\libgcc.a(_copy_data.o)
                0x00000060                __do_copy_data
 .init4         0x00000076       0x10 c:/program files (x86)/atmel/studio/7.0/toolchain/avr8/avr8-gnu-toolchain/bin/../lib/gcc/avr/5.4.0/avr5\libgcc.a(_clear_bss.o)
                0x00000076                __do_clear_bss
 *(.init4)
 *(.init5)
 *(.init5)
 *(.init6)
 *(.init6)
 *(.init7)
 *(.init7)
 *(.init8)
 *(.init8)
 *(.init9)
 .init9         0x00000086        0x8 C:/Program Files (x86)/Atmel/Studio/7.0/Packs/atmel/ATmega_DFP/1.7.374/gcc/dev/atmega32/avr5/crtatmega32.o
 *(.init9)
 *(.text)
 .text          0x0000008e        0x4 C:/Program Files (x86)/Atmel/Studio/7.0/Packs/atmel/ATmega_DFP/1.7.374/gcc/dev/atmega32/avr5/crtatmega32.o
                0x0000008e                __vector_12
                0x0000008e                __bad_interrupt
                0x0000008e                __vector_6
                0x0000008e                __vector_3
                0x0000008e                __vector_17
                0x0000008e                __vector_19
                0x0000008e                __vector_7
                0x0000008e                __vector_9
                0x0000008e                __vector_2
                0x0000008e                __vector_8
                0x0000008e                __vector_14
                0x0000008e                __vector_18
                0x0000008e                __vector_20
                0x00000092                . = ALIGN (0x2)
 *(.text.*)
 .text.ADC_Init
                0x00000092       0x34 ADC.o
                0x00000092                ADC_Init
 .text.ADC_Read
                0x000000c6       0x18 ADC.o
                0x000000c6                ADC_Read
 .text.__vector_16
                0x000000de       0x8a ADC.o
                0x000000de                __vector_16
 .text.Buzzer_Init
                0x00000168       0x16 Buzzer.o
                0x00000168                Buzzer_Init
 .text.Buzzer_ON
                0x0000017e        0xc Buzzer.o
                0x0000017e                Buzzer_ON
 .text.Buzzer_OFF
                0x0000018a        0xc Buzzer.o
                0x0000018a                Buzzer_OFF
 .text.Buzzer_Toggle
                0x00000196        0xa Buzzer.o
                0x00000196                Buzzer_Toggle
 .text.emergency_case
                0x000001a0      0x430 emergency_case.o
                0x000001a0                emergency_case
 .text.DC_Motor1_INIT
                0x000005d0       0x2a DC_Motor.o
                0x000005d0                DC_Motor1_INIT
 .text.DC_Motor1_START
                0x000005fa       0x36 DC_Motor.o
                0x000005fa                DC_Motor1_START
 .text.DC_Motor1_STOP
                0x00000630       0x16 DC_Motor.o
                0x00000630                DC_Motor1_STOP
 .text.DIO_SetPin_Dir
                0x00000646       0xe2 DIO.o
                0x00000646                DIO_SetPin_Dir
 .text.DIO_SetPin_Value
                0x00000728       0xe2 DIO.o
                0x00000728                DIO_SetPin_Value
 .text.DIO_GetPin_Value
                0x0000080a       0x5c DIO.o
                0x0000080a                DIO_GetPin_Value
 .text.DIO_TogglePin_Value
                0x00000866       0x68 DIO.o
                0x00000866                DIO_TogglePin_Value
 .text.DIO_SetPin_Pullup
                0x000008ce       0x68 DIO.o
                0x000008ce                DIO_SetPin_Pullup
 .text.EEPROM_INIT
                0x00000936        0x6 EEPROM.o
                0x00000936                EEPROM_INIT
 .text.EEPROM_WriteByte
                0x0000093c       0x42 EEPROM.o
                0x0000093c                EEPROM_WriteByte
 .text.EEPROM_ReadByte
                0x0000097e       0x3c EEPROM.o
                0x0000097e                EEPROM_ReadByte
 .text.INT0_Init
                0x000009ba       0x1e EXR_Interrupt.o
                0x000009ba                INT0_Init
 .text.__vector_1
                0x000009d8      0x45c EXR_Interrupt.o
                0x000009d8                __vector_1
 .text.Alarm_Fn
                0x00000e34      0x66c Functions.o
                0x00000e34                Alarm_Fn
 .text.I2C_INIT
                0x000014a0       0x10 I2C.o
                0x000014a0                I2C_INIT
 .text.I2C_SendStartCond
                0x000014b0        0xc I2C.o
                0x000014b0                I2C_SendStartCond
 .text.I2C_SendRepStartCond
                0x000014bc        0xc I2C.o
                0x000014bc                I2C_SendRepStartCond
 .text.I2C_SendSlaveAdd_WriteOP
                0x000014c8       0x22 I2C.o
                0x000014c8                I2C_SendSlaveAdd_WriteOP
 .text.I2C_SendSlaveAdd_ReadOP
                0x000014ea       0x16 I2C.o
                0x000014ea                I2C_SendSlaveAdd_ReadOP
 .text.I2C_SendData
                0x00001500        0xe I2C.o
                0x00001500                I2C_SendData
 .text.I2C_ReadData
                0x0000150e        0xe I2C.o
                0x0000150e                I2C_ReadData
 .text.I2C_SendStopCond
                0x0000151c        0xc I2C.o
                0x0000151c                I2C_SendStopCond
 .text.Keypad_Init
                0x00001528       0x86 Keypad.o
                0x00001528                Keypad_Init
 .text.Keypad_GetValue
                0x000015ae       0x6a Keypad.o
                0x000015ae                Keypad_GetValue
 .text.LCD_Write_CMD
                0x00001618       0x8e LCD.o
                0x00001618                LCD_Write_CMD
 .text.LCD_Init
                0x000016a6       0xca LCD.o
                0x000016a6                LCD_Init
 .text.LCD_Write_Char
                0x00001770       0x82 LCD.o
                0x00001770                LCD_Write_Char
 .text.LCD_Write_String
                0x000017f2       0x26 LCD.o
                0x000017f2                LCD_Write_String
 .text.LCD_Write_Integer
                0x00001818       0xe6 LCD.o
                0x00001818                LCD_Write_Integer
 .text.LCD_Clear
                0x000018fe        0x8 LCD.o
                0x000018fe                LCD_Clear
 .text.LCD_Goto
                0x00001906       0x3c LCD.o
                0x00001906                LCD_Goto
 .text.LED0_Init
                0x00001942       0x16 LED.o
                0x00001942                LED0_Init
 .text.LED0_ON  0x00001958        0xc LED.o
                0x00001958                LED0_ON
 .text.LED0_OFF
                0x00001964        0xc LED.o
                0x00001964                LED0_OFF
 .text.LED0_Toggle
                0x00001970        0xa LED.o
                0x00001970                LED0_Toggle
 .text.LED1_Init
                0x0000197a       0x16 LED.o
                0x0000197a                LED1_Init
 .text.LED1_ON  0x00001990        0xc LED.o
                0x00001990                LED1_ON
 .text.LED1_OFF
                0x0000199c        0xc LED.o
                0x0000199c                LED1_OFF
 .text.LED1_Toggle
                0x000019a8        0xa LED.o
                0x000019a8                LED1_Toggle
 .text.LED2_Init
                0x000019b2       0x16 LED.o
                0x000019b2                LED2_Init
 .text.LED2_ON  0x000019c8        0xc LED.o
                0x000019c8                LED2_ON
 .text.LED2_OFF
                0x000019d4        0xc LED.o
                0x000019d4                LED2_OFF
 .text.LED2_Toggle
                0x000019e0        0xa LED.o
                0x000019e0                LED2_Toggle
 .text.LED3_Init
                0x000019ea       0x16 LED.o
                0x000019ea                LED3_Init
 .text.LED3_ON  0x00001a00        0xc LED.o
                0x00001a00                LED3_ON
 .text.LED3_OFF
                0x00001a0c        0xc LED.o
                0x00001a0c                LED3_OFF
 .text.LED3_Toggle
                0x00001a18        0xa LED.o
                0x00001a18                LED3_Toggle
 .text.LED4_Init
                0x00001a22       0x16 LED.o
                0x00001a22                LED4_Init
 .text.LED4_ON  0x00001a38        0xc LED.o
                0x00001a38                LED4_ON
 .text.LED4_OFF
                0x00001a44        0xc LED.o
                0x00001a44                LED4_OFF
 .text.LED4_Toggle
                0x00001a50        0xa LED.o
                0x00001a50                LED4_Toggle
 .text.main     0x00001a5a      0x122 main.o
                0x00001a5a                main
 .text.Servoo_Motor
                0x00001b7c       0x1e servoo.o
                0x00001b7c                Servoo_Motor
 .text.Servo_Init
                0x00001b9a       0x14 servoo.o
                0x00001b9a                Servo_Init
 .text.Timer0_Init
                0x00001bae       0x2c Timer.o
                0x00001bae                Timer0_Init
 .text.PWM0_Gen
                0x00001bda       0x96 Timer.o
                0x00001bda                PWM0_Gen
 .text.Timer0_Start
                0x00001c70        0xa Timer.o
                0x00001c70                Timer0_Start
 .text.__vector_11
                0x00001c7a       0x86 Timer.o
                0x00001c7a                __vector_11
 .text.__vector_10
                0x00001d00       0xce Timer.o
                0x00001d00                __vector_10
 .text.Timer2_Init
                0x00001dce       0x1a Timer.o
                0x00001dce                Timer2_Init
 .text.Timer2_SetDelay
                0x00001de8       0x96 Timer.o
                0x00001de8                Timer2_SetDelay
 .text.Timer2_Start
                0x00001e7e        0x8 Timer.o
                0x00001e7e                Timer2_Start
 .text.Timer2_Stop
                0x00001e86        0x8 Timer.o
                0x00001e86                Timer2_Stop
 .text.__vector_5
                0x00001e8e       0xa8 Timer.o
                0x00001e8e                __vector_5
 .text.__vector_4
                0x00001f36       0xce Timer.o
                0x00001f36                __vector_4
 .text.UART_Init
                0x00002004       0x3c UART.o
                0x00002004                UART_Init
 .text.UART_TX_Char
                0x00002040        0x8 UART.o
                0x00002040                UART_TX_Char
 .text.UART_TX_Str
                0x00002048       0x26 UART.o
                0x00002048                UART_TX_Str
 .text.UART_RX_Char
                0x0000206e        0x8 UART.o
                0x0000206e                UART_RX_Char
 .text.__vector_13
                0x00002076     0x16b8 UART.o
                0x00002076                __vector_13
 .text.__vector_15
                0x0000372e       0x14 UART.o
                0x0000372e                __vector_15
 .text.avr-libc.fplib
                0x00003742        0xe c:/program files (x86)/atmel/studio/7.0/toolchain/avr8/avr8-gnu-toolchain/bin/../lib/gcc/avr/5.4.0/../../../../avr/lib/avr5\libm.a(addsf3.o)
                0x00003742                __subsf3
                0x00003744                __addsf3
 .text.avr-libc.fplib
                0x00003750       0xcc c:/program files (x86)/atmel/studio/7.0/toolchain/avr8/avr8-gnu-toolchain/bin/../lib/gcc/avr/5.4.0/../../../../avr/lib/avr5\libm.a(addsf3x.o)
                0x00003772                __addsf3x
 .text.avr-libc.fplib
                0x0000381c        0xa c:/program files (x86)/atmel/studio/7.0/toolchain/avr8/avr8-gnu-toolchain/bin/../lib/gcc/avr/5.4.0/../../../../avr/lib/avr5\libm.a(cmpsf2.o)
                0x0000381c                __nesf2
                0x0000381c                __eqsf2
                0x0000381c                __cmpsf2
                0x0000381c                __ltsf2
                0x0000381c                __lesf2
 .text.avr-libc.fplib
                0x00003826        0x8 c:/program files (x86)/atmel/studio/7.0/toolchain/avr8/avr8-gnu-toolchain/bin/../lib/gcc/avr/5.4.0/../../../../avr/lib/avr5\libm.a(divsf3.o)
                0x00003826                __divsf3
 .text.avr-libc.fplib
                0x0000382e       0xdc c:/program files (x86)/atmel/studio/7.0/toolchain/avr8/avr8-gnu-toolchain/bin/../lib/gcc/avr/5.4.0/../../../../avr/lib/avr5\libm.a(divsf3x.o)
                0x0000384e                __divsf3x
                0x00003854                __divsf3_pse
 .text.avr-libc.fplib
                0x0000390a       0x5e c:/program files (x86)/atmel/studio/7.0/toolchain/avr8/avr8-gnu-toolchain/bin/../lib/gcc/avr/5.4.0/../../../../avr/lib/avr5\libm.a(fixunssfsi.o)
                0x0000390a                __fixunssfsi
 .text.avr-libc.fplib
                0x00003968       0x7a c:/program files (x86)/atmel/studio/7.0/toolchain/avr8/avr8-gnu-toolchain/bin/../lib/gcc/avr/5.4.0/../../../../avr/lib/avr5\libm.a(floatsisf.o)
                0x00003968                __floatunsisf
                0x0000396c                __floatsisf
 .text.avr-libc.fplib
                0x000039e2       0x48 c:/program files (x86)/atmel/studio/7.0/toolchain/avr8/avr8-gnu-toolchain/bin/../lib/gcc/avr/5.4.0/../../../../avr/lib/avr5\libm.a(fp_cmp.o)
                0x000039e2                __fp_cmp
 .text.avr-libc.fplib
                0x00003a2a        0xc c:/program files (x86)/atmel/studio/7.0/toolchain/avr8/avr8-gnu-toolchain/bin/../lib/gcc/avr/5.4.0/../../../../avr/lib/avr5\libm.a(fp_inf.o)
                0x00003a2a                __fp_inf
 .text.avr-libc.fplib
                0x00003a36        0x6 c:/program files (x86)/atmel/studio/7.0/toolchain/avr8/avr8-gnu-toolchain/bin/../lib/gcc/avr/5.4.0/../../../../avr/lib/avr5\libm.a(fp_nan.o)
                0x00003a36                __fp_nan
 .text.avr-libc.fplib
                0x00003a3c        0xe c:/program files (x86)/atmel/studio/7.0/toolchain/avr8/avr8-gnu-toolchain/bin/../lib/gcc/avr/5.4.0/../../../../avr/lib/avr5\libm.a(fp_pscA.o)
                0x00003a3c                __fp_pscA
 .text.avr-libc.fplib
                0x00003a4a        0xe c:/program files (x86)/atmel/studio/7.0/toolchain/avr8/avr8-gnu-toolchain/bin/../lib/gcc/avr/5.4.0/../../../../avr/lib/avr5\libm.a(fp_pscB.o)
                0x00003a4a                __fp_pscB
 .text.avr-libc.fplib
                0x00003a58       0x22 c:/program files (x86)/atmel/studio/7.0/toolchain/avr8/avr8-gnu-toolchain/bin/../lib/gcc/avr/5.4.0/../../../../avr/lib/avr5\libm.a(fp_round.o)
                0x00003a58                __fp_round
 .text.avr-libc.fplib
                0x00003a7a       0x44 c:/program files (x86)/atmel/studio/7.0/toolchain/avr8/avr8-gnu-toolchain/bin/../lib/gcc/avr/5.4.0/../../../../avr/lib/avr5\libm.a(fp_split3.o)
                0x00003a7a                __fp_split3
                0x00003a8a                __fp_splitA
 .text.avr-libc.fplib
                0x00003abe        0xe c:/program files (x86)/atmel/studio/7.0/toolchain/avr8/avr8-gnu-toolchain/bin/../lib/gcc/avr/5.4.0/../../../../avr/lib/avr5\libm.a(fp_zero.o)
                0x00003abe                __fp_zero
                0x00003ac0                __fp_szero
 .text.avr-libc.fplib
                0x00003acc        0xa c:/program files (x86)/atmel/studio/7.0/toolchain/avr8/avr8-gnu-toolchain/bin/../lib/gcc/avr/5.4.0/../../../../avr/lib/avr5\libm.a(gesf2.o)
                0x00003acc                __gesf2
                0x00003acc                __gtsf2
 .text.avr-libc.fplib
                0x00003ad6        0x8 c:/program files (x86)/atmel/studio/7.0/toolchain/avr8/avr8-gnu-toolchain/bin/../lib/gcc/avr/5.4.0/../../../../avr/lib/avr5\libm.a(mulsf3.o)
                0x00003ad6                __mulsf3
 .text.avr-libc.fplib
                0x00003ade       0xd2 c:/program files (x86)/atmel/studio/7.0/toolchain/avr8/avr8-gnu-toolchain/bin/../lib/gcc/avr/5.4.0/../../../../avr/lib/avr5\libm.a(mulsf3x.o)
                0x00003afc                __mulsf3x
                0x00003b02                __mulsf3_pse
 .text.libgcc.div
                0x00003bb0       0x28 c:/program files (x86)/atmel/studio/7.0/toolchain/avr8/avr8-gnu-toolchain/bin/../lib/gcc/avr/5.4.0/avr5\libgcc.a(_divmodhi4.o)
                0x00003bb0                _div
                0x00003bb0                __divmodhi4
 .text.libgcc.div
                0x00003bd8       0x44 c:/program files (x86)/atmel/studio/7.0/toolchain/avr8/avr8-gnu-toolchain/bin/../lib/gcc/avr/5.4.0/avr5\libgcc.a(_udivmodsi4.o)
                0x00003bd8                __udivmodsi4
 .text.libgcc.mul
                0x00003c1c       0x16 c:/program files (x86)/atmel/studio/7.0/toolchain/avr8/avr8-gnu-toolchain/bin/../lib/gcc/avr/5.4.0/avr5\libgcc.a(_muluhisi3.o)
                0x00003c1c                __muluhisi3
 .text.libgcc.div
                0x00003c32       0x28 c:/program files (x86)/atmel/studio/7.0/toolchain/avr8/avr8-gnu-toolchain/bin/../lib/gcc/avr/5.4.0/avr5\libgcc.a(_udivmodhi4.o)
                0x00003c32                __udivmodhi4
 .text.libgcc.mul
                0x00003c5a       0x1e c:/program files (x86)/atmel/studio/7.0/toolchain/avr8/avr8-gnu-toolchain/bin/../lib/gcc/avr/5.4.0/avr5\libgcc.a(_umulhisi3.o)
                0x00003c5a                __umulhisi3
                0x00003c78                . = ALIGN (0x2)
 *(.fini9)
 .fini9         0x00003c78        0x0 c:/program files (x86)/atmel/studio/7.0/toolchain/avr8/avr8-gnu-toolchain/bin/../lib/gcc/avr/5.4.0/avr5\libgcc.a(_exit.o)
                0x00003c78                _exit
                0x00003c78                exit
 *(.fini9)
 *(.fini8)
 *(.fini8)
 *(.fini7)
 *(.fini7)
 *(.fini6)
 *(.fini6)
 *(.fini5)
 *(.fini5)
 *(.fini4)
 *(.fini4)
 *(.fini3)
 *(.fini3)
 *(.fini2)
 *(.fini2)
 *(.fini1)
 *(.fini1)
 *(.fini0)
 .fini0         0x00003c78        0x4 c:/program files (x86)/atmel/studio/7.0/toolchain/avr8/avr8-gnu-toolchain/bin/../lib/gcc/avr/5.4.0/avr5\libgcc.a(_exit.o)
 *(.fini0)
                0x00003c7c                _etext = .

.data           0x00800060      0x76e load address 0x00003c7c
                0x00800060                PROVIDE (__data_start, .)
 *(.data)
 *(.data*)
 .data.arr      0x00800060       0x10 Keypad.o
                0x00800060                arr
 .data.AD_Counter
                0x00800070        0x1 UART.o
                0x00800070                AD_Counter
 *(.gnu.linkonce.d*)
 *(.rodata)
 *(.rodata*)
 .rodata.str1.1
                0x00800071       0xaa emergency_case.o
                                 0xb1 (size before relaxing)
 .rodata.str1.1
                0x0080011b      0x135 EXR_Interrupt.o
                                0x138 (size before relaxing)
 .rodata.str1.1
                0x00800250       0x3b main.o
                                 0x3e (size before relaxing)
 .rodata.str1.1
                0x0080028b      0x543 UART.o
                                0x58e (size before relaxing)
 *(.gnu.linkonce.r*)
                0x008007ce                . = ALIGN (0x2)
                0x008007ce                _edata = .
                0x008007ce                PROVIDE (__data_end, .)

.bss            0x008007ce       0x28
                0x008007ce                PROVIDE (__bss_start, .)
 *(.bss)
 *(.bss*)
 .bss.Temp      0x008007ce        0x2 ADC.o
                0x008007ce                Temp
 .bss.button    0x008007d0        0x1 EXR_Interrupt.o
                0x008007d0                button
 .bss.eme_check
                0x008007d1        0x2 EXR_Interrupt.o
                0x008007d1                eme_check
 .bss.Count.1765
                0x008007d3        0x4 Timer.o
 .bss.Count.1759
                0x008007d7        0x4 Timer.o
 .bss.Count.1715
                0x008007db        0x4 Timer.o
 .bss.Count.1709
                0x008007df        0x4 Timer.o
 .bss.Timer2_Init_Value
                0x008007e3        0x1 Timer.o
                0x008007e3                Timer2_Init_Value
 .bss.Timer2_Num_OVF
                0x008007e4        0x2 Timer.o
                0x008007e4                Timer2_Num_OVF
 .bss.Timer0_Init_Value
                0x008007e6        0x1 Timer.o
                0x008007e6                Timer0_Init_Value
 .bss.Timer0_Num_OVF
                0x008007e7        0x2 Timer.o
                0x008007e7                Timer0_Num_OVF
 .bss.Dimmer_Value
                0x008007e9        0x4 UART.o
                0x008007e9                Dimmer_Value
 .bss.Dimmer_Array
                0x008007ed        0x3 UART.o
                0x008007ed                Dimmer_Array
 .bss.PC_Counter
                0x008007f0        0x1 UART.o
                0x008007f0                PC_Counter
 .bss.KP_Counter
                0x008007f1        0x1 UART.o
                0x008007f1                KP_Counter
 .bss.CMD_Check
                0x008007f2        0x1 UART.o
                0x008007f2                CMD_Check
 .bss.A_U_Check
                0x008007f3        0x1 UART.o
                0x008007f3                A_U_Check
 .bss.SYS_Check
                0x008007f4        0x1 UART.o
                0x008007f4                SYS_Check
 .bss.UART_GetValue
                0x008007f5        0x1 UART.o
                0x008007f5                UART_GetValue
 *(COMMON)
                0x008007f6                PROVIDE (__bss_end, .)
                0x00003c7c                __data_load_start = LOADADDR (.data)
                0x000043ea                __data_load_end = (__data_load_start + SIZEOF (.data))

.noinit         0x008007f6        0x0
                [!provide]                PROVIDE (__noinit_start, .)
 *(.noinit*)
                [!provide]                PROVIDE (__noinit_end, .)
                0x008007f6                _end = .
                [!provide]                PROVIDE (__heap_start, .)

.eeprom         0x00810000        0x0
 *(.eeprom*)
                0x00810000                __eeprom_end = .

.fuse
 *(.fuse)
 *(.lfuse)
 *(.hfuse)
 *(.efuse)

.lock
 *(.lock*)

.signature
 *(.signature*)

.user_signatures
 *(.user_signatures*)

.stab
 *(.stab)

.stabstr
 *(.stabstr)

.stab.excl
 *(.stab.excl)

.stab.exclstr
 *(.stab.exclstr)

.stab.index
 *(.stab.index)

.stab.indexstr
 *(.stab.indexstr)

.comment        0x00000000       0x30
 *(.comment)
 .comment       0x00000000       0x30 ADC.o
                                 0x31 (size before relaxing)
 .comment       0x00000030       0x31 Buzzer.o
 .comment       0x00000030       0x31 emergency_case.o
 .comment       0x00000030       0x31 DC_Motor.o
 .comment       0x00000030       0x31 DIO.o
 .comment       0x00000030       0x31 EEPROM.o
 .comment       0x00000030       0x31 EXR_Interrupt.o
 .comment       0x00000030       0x31 Functions.o
 .comment       0x00000030       0x31 I2C.o
 .comment       0x00000030       0x31 Keypad.o
 .comment       0x00000030       0x31 LCD.o
 .comment       0x00000030       0x31 LED.o
 .comment       0x00000030       0x31 main.o
 .comment       0x00000030       0x31 servoo.o
 .comment       0x00000030       0x31 Timer.o
 .comment       0x00000030       0x31 UART.o

.note.gnu.avr.deviceinfo
                0x00000000       0x3c
 .note.gnu.avr.deviceinfo
                0x00000000       0x3c C:/Program Files (x86)/Atmel/Studio/7.0/Packs/atmel/ATmega_DFP/1.7.374/gcc/dev/atmega32/avr5/crtatmega32.o

.note.gnu.build-id
 *(.note.gnu.build-id)

.debug
 *(.debug)

.line
 *(.line)

.debug_srcinfo
 *(.debug_srcinfo)

.debug_sfnames
 *(.debug_sfnames)

.debug_aranges  0x00000000      0x4b8
 *(.debug_aranges)
 .debug_aranges
                0x00000000       0x38 ADC.o
 .debug_aranges
                0x00000038       0x38 Buzzer.o
 .debug_aranges
                0x00000070       0x20 emergency_case.o
 .debug_aranges
                0x00000090       0x48 DC_Motor.o
 .debug_aranges
                0x000000d8       0x40 DIO.o
 .debug_aranges
                0x00000118       0x48 EEPROM.o
 .debug_aranges
                0x00000160       0x38 EXR_Interrupt.o
 .debug_aranges
                0x00000198       0x20 Functions.o
 .debug_aranges
                0x000001b8       0x80 I2C.o
 .debug_aranges
                0x00000238       0x28 Keypad.o
 .debug_aranges
                0x00000260       0x60 LCD.o
 .debug_aranges
                0x000002c0       0xb8 LED.o
 .debug_aranges
                0x00000378       0x20 main.o
 .debug_aranges
                0x00000398       0x28 servoo.o
 .debug_aranges
                0x000003c0       0xb0 Timer.o
 .debug_aranges
                0x00000470       0x48 UART.o

.debug_pubnames
 *(.debug_pubnames)

.debug_info     0x00000000     0x87cb
 *(.debug_info .gnu.linkonce.wi.*)
 .debug_info    0x00000000      0x4e6 C:/Program Files (x86)/Atmel/Studio/7.0/Packs/atmel/ATmega_DFP/1.7.374/gcc/dev/atmega32/avr5/crtatmega32.o
 .debug_info    0x000004e6      0x1ad ADC.o
 .debug_info    0x00000693      0x171 Buzzer.o
 .debug_info    0x00000804      0x899 emergency_case.o
 .debug_info    0x0000109d      0x3fc DC_Motor.o
 .debug_info    0x00001499      0x19a DIO.o
 .debug_info    0x00001633      0x5cd EEPROM.o
 .debug_info    0x00001c00      0x9a2 EXR_Interrupt.o
 .debug_info    0x000025a2     0x1429 Functions.o
 .debug_info    0x000039cb      0x494 I2C.o
 .debug_info    0x00003e5f      0x330 Keypad.o
 .debug_info    0x0000418f      0x8b9 LCD.o
 .debug_info    0x00004a48      0x511 LED.o
 .debug_info    0x00004f59      0x4ba main.o
 .debug_info    0x00005413      0x104 servoo.o
 .debug_info    0x00005517      0x4d3 Timer.o
 .debug_info    0x000059ea     0x2de1 UART.o

.debug_abbrev   0x00000000     0x16a3
 *(.debug_abbrev)
 .debug_abbrev  0x00000000      0x4a3 C:/Program Files (x86)/Atmel/Studio/7.0/Packs/atmel/ATmega_DFP/1.7.374/gcc/dev/atmega32/avr5/crtatmega32.o
 .debug_abbrev  0x000004a3      0x104 ADC.o
 .debug_abbrev  0x000005a7       0x71 Buzzer.o
 .debug_abbrev  0x00000618      0x153 emergency_case.o
 .debug_abbrev  0x0000076b       0xe6 DC_Motor.o
 .debug_abbrev  0x00000851       0x9a DIO.o
 .debug_abbrev  0x000008eb      0x15d EEPROM.o
 .debug_abbrev  0x00000a48      0x1a3 EXR_Interrupt.o
 .debug_abbrev  0x00000beb       0xd8 Functions.o
 .debug_abbrev  0x00000cc3      0x185 I2C.o
 .debug_abbrev  0x00000e48       0xe9 Keypad.o
 .debug_abbrev  0x00000f31      0x1ae LCD.o
 .debug_abbrev  0x000010df       0x71 LED.o
 .debug_abbrev  0x00001150       0xc4 main.o
 .debug_abbrev  0x00001214       0x91 servoo.o
 .debug_abbrev  0x000012a5      0x1ef Timer.o
 .debug_abbrev  0x00001494      0x20f UART.o

.debug_line     0x00000000     0x3e66
 *(.debug_line .debug_line.* .debug_line_end)
 .debug_line    0x00000000      0x116 C:/Program Files (x86)/Atmel/Studio/7.0/Packs/atmel/ATmega_DFP/1.7.374/gcc/dev/atmega32/avr5/crtatmega32.o
 .debug_line    0x00000116      0x15d ADC.o
 .debug_line    0x00000273       0x90 Buzzer.o
 .debug_line    0x00000303      0x4b0 emergency_case.o
 .debug_line    0x000007b3      0x15c DC_Motor.o
 .debug_line    0x0000090f      0x1e6 DIO.o
 .debug_line    0x00000af5      0x2d8 EEPROM.o
 .debug_line    0x00000dcd      0x4fb EXR_Interrupt.o
 .debug_line    0x000012c8      0x6fc Functions.o
 .debug_line    0x000019c4      0x30e I2C.o
 .debug_line    0x00001cd2      0x121 Keypad.o
 .debug_line    0x00001df3      0x42e LCD.o
 .debug_line    0x00002221      0x210 LED.o
 .debug_line    0x00002431      0x1ef main.o
 .debug_line    0x00002620       0xe0 servoo.o
 .debug_line    0x00002700      0x463 Timer.o
 .debug_line    0x00002b63     0x1303 UART.o

.debug_frame    0x00000000      0xc18
 *(.debug_frame)
 .debug_frame   0x00000000       0x9c ADC.o
 .debug_frame   0x0000009c       0x54 Buzzer.o
 .debug_frame   0x000000f0       0x44 emergency_case.o
 .debug_frame   0x00000134       0x88 DC_Motor.o
 .debug_frame   0x000001bc       0x64 DIO.o
 .debug_frame   0x00000220       0xe0 EEPROM.o
 .debug_frame   0x00000300       0xf8 EXR_Interrupt.o
 .debug_frame   0x000003f8       0x24 Functions.o
 .debug_frame   0x0000041c      0x108 I2C.o
 .debug_frame   0x00000524       0x44 Keypad.o
 .debug_frame   0x00000568      0x154 LCD.o
 .debug_frame   0x000006bc      0x154 LED.o
 .debug_frame   0x00000810       0x24 main.o
 .debug_frame   0x00000834       0x34 servoo.o
 .debug_frame   0x00000868      0x284 Timer.o
 .debug_frame   0x00000aec      0x12c UART.o

.debug_str      0x00000000     0x1088
 *(.debug_str)
 .debug_str     0x00000000      0x196 C:/Program Files (x86)/Atmel/Studio/7.0/Packs/atmel/ATmega_DFP/1.7.374/gcc/dev/atmega32/avr5/crtatmega32.o
 .debug_str     0x00000196      0x22e ADC.o
                                0x273 (size before relaxing)
 .debug_str     0x000003c4       0xe3 Buzzer.o
                                0x1ed (size before relaxing)
 .debug_str     0x000004a7      0x1a5 emergency_case.o
                                0x2f3 (size before relaxing)
 .debug_str     0x0000064c      0x130 DC_Motor.o
                                0x294 (size before relaxing)
 .debug_str     0x0000077c       0xa8 DIO.o
                                0x1ec (size before relaxing)
 .debug_str     0x00000824      0x16b EEPROM.o
                                0x35a (size before relaxing)
 .debug_str     0x0000098f       0xa5 EXR_Interrupt.o
                                0x30b (size before relaxing)
 .debug_str     0x00000a34       0x4d Functions.o
                                0x2d3 (size before relaxing)
 .debug_str     0x00000a81       0xa1 I2C.o
                                0x36a (size before relaxing)
 .debug_str     0x00000b22       0x1a Keypad.o
                                0x203 (size before relaxing)
 .debug_str     0x00000b3c      0x112 LCD.o
                                0x30b (size before relaxing)
 .debug_str     0x00000c4e       0x3d LED.o
                                0x27e (size before relaxing)
 .debug_str     0x00000c8b      0x100 main.o
                                0x342 (size before relaxing)
 .debug_str     0x00000d8b       0xbe servoo.o
                                0x221 (size before relaxing)
 .debug_str     0x00000e49      0x1a3 Timer.o
                                0x439 (size before relaxing)
 .debug_str     0x00000fec       0x9c UART.o
                                0x3f1 (size before relaxing)

.debug_loc      0x00000000     0x39a4
 *(.debug_loc)
 .debug_loc     0x00000000      0x110 ADC.o
 .debug_loc     0x00000110       0xca emergency_case.o
 .debug_loc     0x000001da      0x155 DC_Motor.o
 .debug_loc     0x0000032f      0x2fd DIO.o
 .debug_loc     0x0000062c      0x590 EEPROM.o
 .debug_loc     0x00000bbc      0x42c EXR_Interrupt.o
 .debug_loc     0x00000fe8     0x1170 Functions.o
 .debug_loc     0x00002158      0x212 I2C.o
 .debug_loc     0x0000236a       0xa4 Keypad.o
 .debug_loc     0x0000240e      0x72e LCD.o
 .debug_loc     0x00002b3c      0x627 Timer.o
 .debug_loc     0x00003163      0x841 UART.o

.debug_macinfo
 *(.debug_macinfo)

.debug_weaknames
 *(.debug_weaknames)

.debug_funcnames
 *(.debug_funcnames)

.debug_typenames
 *(.debug_typenames)

.debug_varnames
 *(.debug_varnames)

.debug_pubtypes
 *(.debug_pubtypes)

.debug_ranges   0x00000000      0x3e8
 *(.debug_ranges)
 .debug_ranges  0x00000000       0x28 ADC.o
 .debug_ranges  0x00000028       0x28 Buzzer.o
 .debug_ranges  0x00000050       0x10 emergency_case.o
 .debug_ranges  0x00000060       0x38 DC_Motor.o
 .debug_ranges  0x00000098       0x30 DIO.o
 .debug_ranges  0x000000c8       0x38 EEPROM.o
 .debug_ranges  0x00000100       0x40 EXR_Interrupt.o
 .debug_ranges  0x00000140       0x10 Functions.o
 .debug_ranges  0x00000150       0x70 I2C.o
 .debug_ranges  0x000001c0       0x30 Keypad.o
 .debug_ranges  0x000001f0       0x50 LCD.o
 .debug_ranges  0x00000240       0xa8 LED.o
 .debug_ranges  0x000002e8       0x10 main.o
 .debug_ranges  0x000002f8       0x18 servoo.o
 .debug_ranges  0x00000310       0xa0 Timer.o
 .debug_ranges  0x000003b0       0x38 UART.o

.debug_macro
 *(.debug_macro)
OUTPUT(Graduation_Project.elf elf32-avr)
LOAD linker stubs
